[themeisle.com/demo/index8f6b.html]
[backblue.gif]
[fade.gif]
[index.html]
[themeisle.com/demo/index.html]
[mllj2j8xvfl0.i.optimole.com/d0cOXWA.d0eL_37102/w_auto/h_auto/q_90/https_/s30246.pcdn.co/wp-content/uploads/2019/05/general-featured.jpg]
[mllj2j8xvfl0.i.optimole.com/d0cOXWA.d0eL_37102/f_css/q_90/m_1/https_/s30246.pcdn.co/wp-content/themes/themeisle/assets/css/demo.mina9d5.css]
[mllj2j8xvfl0.i.optimole.com/d0cOXWA.d0eL_37102/f_css/q_90/m_1/https_/s30246.pcdn.co/wp-content/themes/neve/style.min72e6.css]
[mllj2j8xvfl0.i.optimole.com/d0cOXWA.d0eL_37102/w_auto/h_auto/q_90/https_/s30246.pcdn.co/wp-content/uploads/2019/04/cropped-favicon-2-32x32.png]
[mllj2j8xvfl0.i.optimole.com/d0cOXWA.d0eL_37102/w_auto/h_auto/q_90/https_/s30246.pcdn.co/wp-content/uploads/2019/04/cropped-favicon-2-192x192.png]
[mllj2j8xvfl0.i.optimole.com/d0cOXWA.d0eL_37102/w_auto/h_auto/q_90/https_/s30246.pcdn.co/wp-content/uploads/2019/04/cropped-favicon-2-180x180.png]
[cookiehub.net/c2/8e3cbca3.js]
[mllj2j8xvfl0.i.optimole.com/d0cOXWA.d0eL_37102/f_js/q_90/m_0/https_/s30246.pcdn.co/wp-content/themes/themeisle/assets/build/demo.mina9d5.js]
[mllj2j8xvfl0.i.optimole.com/d0cOXWA.d0eL_37102/f_js/q_90/m_0/https_/s30246.pcdn.co/wp-content/themes/neve/assets/js/build/modern/frontend72e6.js]
[d1f8f9xcsvx3ha.cloudfront.net/sbl/0.8.0/fastspring-builder.min.js]
[themeisle.com/demo/index8f6b.html]
[themeisle.com/demo/index.html]
[mllj2j8xvfl0.i.optimole.com/d0cOXWA.d0eL_37102/f_css/q_90/m_1/https_/s30246.pcdn.co/wp-content/themes/themeisle/assets/css/demo.mina9d5.css]
[mllj2j8xvfl0.i.optimole.com/d0cOXWA.d0eL_37102/f_css/q_90/m_1/https_/s30246.pcdn.co/wp-content/themes/neve/style.min72e6.css]
[www.googletagmanager.com/gtm5445.html]
